---
source: tests/interaction_diff.rs
expression: "Dot::with_config(&spec_projection.shape().graph, &[Config::EdgeNoLabel])"
---
digraph {
    0 [ label = "CoreShape(\l    CoreShapeNode(\l        \"$string\",\l        CoreShapeNodeDescriptor {\l            kind: StringKind,\l        },\l    ),\l)\l" ]
    1 [ label = "CoreShape(\l    CoreShapeNode(\l        \"$number\",\l        CoreShapeNodeDescriptor {\l            kind: NumberKind,\l        },\l    ),\l)\l" ]
    2 [ label = "CoreShape(\l    CoreShapeNode(\l        \"$boolean\",\l        CoreShapeNodeDescriptor {\l            kind: BooleanKind,\l        },\l    ),\l)\l" ]
    3 [ label = "CoreShape(\l    CoreShapeNode(\l        \"$list\",\l        CoreShapeNodeDescriptor {\l            kind: ListKind,\l        },\l    ),\l)\l" ]
    4 [ label = "ShapeParameter(\l    ShapeParameterNode(\l        \"$listItem\",\l        ShapeParameterNodeDescriptor,\l    ),\l)\l" ]
    5 [ label = "CoreShape(\l    CoreShapeNode(\l        \"$object\",\l        CoreShapeNodeDescriptor {\l            kind: ObjectKind,\l        },\l    ),\l)\l" ]
    6 [ label = "CoreShape(\l    CoreShapeNode(\l        \"$nullable\",\l        CoreShapeNodeDescriptor {\l            kind: NullableKind,\l        },\l    ),\l)\l" ]
    7 [ label = "ShapeParameter(\l    ShapeParameterNode(\l        \"$nullableInner\",\l        ShapeParameterNodeDescriptor,\l    ),\l)\l" ]
    8 [ label = "CoreShape(\l    CoreShapeNode(\l        \"$unknown\",\l        CoreShapeNodeDescriptor {\l            kind: UnknownKind,\l        },\l    ),\l)\l" ]
    9 [ label = "CoreShape(\l    CoreShapeNode(\l        \"$optional\",\l        CoreShapeNodeDescriptor {\l            kind: OptionalKind,\l        },\l    ),\l)\l" ]
    10 [ label = "ShapeParameter(\l    ShapeParameterNode(\l        \"$optionalInner\",\l        ShapeParameterNodeDescriptor,\l    ),\l)\l" ]
    11 [ label = "CoreShape(\l    CoreShapeNode(\l        \"$oneOf\",\l        CoreShapeNodeDescriptor {\l            kind: OneOfKind,\l        },\l    ),\l)\l" ]
    12 [ label = "Shape(\l    ShapeNode(\l        \"shape_Ba53AWXhVW\",\l        ShapeNodeDescriptor,\l    ),\l)\l" ]
    13 [ label = "Shape(\l    ShapeNode(\l        \"shape_K3fuujs486\",\l        ShapeNodeDescriptor,\l    ),\l)\l" ]
    14 [ label = "Shape(\l    ShapeNode(\l        \"EQSZqM_0\",\l        ShapeNodeDescriptor,\l    ),\l)\l" ]
    15 [ label = "Shape(\l    ShapeNode(\l        \"EQSZqM_2\",\l        ShapeNodeDescriptor,\l    ),\l)\l" ]
    16 [ label = "Shape(\l    ShapeNode(\l        \"EQSZqM_4\",\l        ShapeNodeDescriptor,\l    ),\l)\l" ]
    17 [ label = "Shape(\l    ShapeNode(\l        \"EQSZqM_6\",\l        ShapeNodeDescriptor,\l    ),\l)\l" ]
    18 [ label = "Shape(\l    ShapeNode(\l        \"EQSZqM_7\",\l        ShapeNodeDescriptor,\l    ),\l)\l" ]
    19 [ label = "Shape(\l    ShapeNode(\l        \"EQSZqM_9\",\l        ShapeNodeDescriptor,\l    ),\l)\l" ]
    20 [ label = "Shape(\l    ShapeNode(\l        \"EQSZqM_11\",\l        ShapeNodeDescriptor,\l    ),\l)\l" ]
    21 [ label = "Shape(\l    ShapeNode(\l        \"EQSZqM_13\",\l        ShapeNodeDescriptor,\l    ),\l)\l" ]
    22 [ label = "Shape(\l    ShapeNode(\l        \"EQSZqM_15\",\l        ShapeNodeDescriptor,\l    ),\l)\l" ]
    23 [ label = "Shape(\l    ShapeNode(\l        \"EQSZqM_17\",\l        ShapeNodeDescriptor,\l    ),\l)\l" ]
    24 [ label = "Shape(\l    ShapeNode(\l        \"EQSZqM_19\",\l        ShapeNodeDescriptor,\l    ),\l)\l" ]
    25 [ label = "Shape(\l    ShapeNode(\l        \"EQSZqM_21\",\l        ShapeNodeDescriptor,\l    ),\l)\l" ]
    26 [ label = "Shape(\l    ShapeNode(\l        \"EQSZqM_23\",\l        ShapeNodeDescriptor,\l    ),\l)\l" ]
    27 [ label = "Shape(\l    ShapeNode(\l        \"EQSZqM_25\",\l        ShapeNodeDescriptor,\l    ),\l)\l" ]
    28 [ label = "Shape(\l    ShapeNode(\l        \"EQSZqM_27\",\l        ShapeNodeDescriptor,\l    ),\l)\l" ]
    29 [ label = "Shape(\l    ShapeNode(\l        \"EQSZqM_29\",\l        ShapeNodeDescriptor,\l    ),\l)\l" ]
    30 [ label = "Shape(\l    ShapeNode(\l        \"EQSZqM_31\",\l        ShapeNodeDescriptor,\l    ),\l)\l" ]
    31 [ label = "Shape(\l    ShapeNode(\l        \"EQSZqM_33\",\l        ShapeNodeDescriptor,\l    ),\l)\l" ]
    32 [ label = "Shape(\l    ShapeNode(\l        \"EQSZqM_35\",\l        ShapeNodeDescriptor,\l    ),\l)\l" ]
    33 [ label = "Shape(\l    ShapeNode(\l        \"EQSZqM_37\",\l        ShapeNodeDescriptor,\l    ),\l)\l" ]
    34 [ label = "Shape(\l    ShapeNode(\l        \"EQSZqM_38\",\l        ShapeNodeDescriptor,\l    ),\l)\l" ]
    35 [ label = "Shape(\l    ShapeNode(\l        \"EQSZqM_40\",\l        ShapeNodeDescriptor,\l    ),\l)\l" ]
    36 [ label = "Shape(\l    ShapeNode(\l        \"EQSZqM_42\",\l        ShapeNodeDescriptor,\l    ),\l)\l" ]
    37 [ label = "Shape(\l    ShapeNode(\l        \"EQSZqM_44\",\l        ShapeNodeDescriptor,\l    ),\l)\l" ]
    38 [ label = "Shape(\l    ShapeNode(\l        \"EQSZqM_46\",\l        ShapeNodeDescriptor,\l    ),\l)\l" ]
    39 [ label = "Shape(\l    ShapeNode(\l        \"EQSZqM_48\",\l        ShapeNodeDescriptor,\l    ),\l)\l" ]
    40 [ label = "Shape(\l    ShapeNode(\l        \"EQSZqM_50\",\l        ShapeNodeDescriptor,\l    ),\l)\l" ]
    41 [ label = "Shape(\l    ShapeNode(\l        \"EQSZqM_52\",\l        ShapeNodeDescriptor,\l    ),\l)\l" ]
    42 [ label = "Shape(\l    ShapeNode(\l        \"shape_kxrzRC2Klt\",\l        ShapeNodeDescriptor,\l    ),\l)\l" ]
    43 [ label = "Shape(\l    ShapeNode(\l        \"RdXJj0_0\",\l        ShapeNodeDescriptor,\l    ),\l)\l" ]
    44 [ label = "Shape(\l    ShapeNode(\l        \"RdXJj0_2\",\l        ShapeNodeDescriptor,\l    ),\l)\l" ]
    45 [ label = "Shape(\l    ShapeNode(\l        \"RdXJj0_4\",\l        ShapeNodeDescriptor,\l    ),\l)\l" ]
    46 [ label = "Shape(\l    ShapeNode(\l        \"RdXJj0_6\",\l        ShapeNodeDescriptor,\l    ),\l)\l" ]
    47 [ label = "Shape(\l    ShapeNode(\l        \"RdXJj0_7\",\l        ShapeNodeDescriptor,\l    ),\l)\l" ]
    48 [ label = "Shape(\l    ShapeNode(\l        \"RdXJj0_9\",\l        ShapeNodeDescriptor,\l    ),\l)\l" ]
    49 [ label = "Shape(\l    ShapeNode(\l        \"RdXJj0_11\",\l        ShapeNodeDescriptor,\l    ),\l)\l" ]
    50 [ label = "Shape(\l    ShapeNode(\l        \"RdXJj0_13\",\l        ShapeNodeDescriptor,\l    ),\l)\l" ]
    51 [ label = "Shape(\l    ShapeNode(\l        \"RdXJj0_15\",\l        ShapeNodeDescriptor,\l    ),\l)\l" ]
    52 [ label = "Shape(\l    ShapeNode(\l        \"RdXJj0_16\",\l        ShapeNodeDescriptor,\l    ),\l)\l" ]
    53 [ label = "Shape(\l    ShapeNode(\l        \"RdXJj0_18\",\l        ShapeNodeDescriptor,\l    ),\l)\l" ]
    54 [ label = "Shape(\l    ShapeNode(\l        \"RdXJj0_20\",\l        ShapeNodeDescriptor,\l    ),\l)\l" ]
    55 [ label = "Shape(\l    ShapeNode(\l        \"RdXJj0_22\",\l        ShapeNodeDescriptor,\l    ),\l)\l" ]
    56 [ label = "Shape(\l    ShapeNode(\l        \"RdXJj0_24\",\l        ShapeNodeDescriptor,\l    ),\l)\l" ]
    57 [ label = "Shape(\l    ShapeNode(\l        \"RdXJj0_26\",\l        ShapeNodeDescriptor,\l    ),\l)\l" ]
    58 [ label = "Shape(\l    ShapeNode(\l        \"RdXJj0_28\",\l        ShapeNodeDescriptor,\l    ),\l)\l" ]
    59 [ label = "Shape(\l    ShapeNode(\l        \"RdXJj0_30\",\l        ShapeNodeDescriptor,\l    ),\l)\l" ]
    60 [ label = "Shape(\l    ShapeNode(\l        \"RdXJj0_32\",\l        ShapeNodeDescriptor,\l    ),\l)\l" ]
    61 [ label = "Shape(\l    ShapeNode(\l        \"shape_TZqSqgQICX\",\l        ShapeNodeDescriptor,\l    ),\l)\l" ]
    62 [ label = "Shape(\l    ShapeNode(\l        \"9zYywG_0\",\l        ShapeNodeDescriptor,\l    ),\l)\l" ]
    63 [ label = "Shape(\l    ShapeNode(\l        \"9zYywG_2\",\l        ShapeNodeDescriptor,\l    ),\l)\l" ]
    64 [ label = "Shape(\l    ShapeNode(\l        \"9zYywG_4\",\l        ShapeNodeDescriptor,\l    ),\l)\l" ]
    65 [ label = "Shape(\l    ShapeNode(\l        \"9zYywG_6\",\l        ShapeNodeDescriptor,\l    ),\l)\l" ]
    66 [ label = "Shape(\l    ShapeNode(\l        \"9zYywG_7\",\l        ShapeNodeDescriptor,\l    ),\l)\l" ]
    67 [ label = "Shape(\l    ShapeNode(\l        \"9zYywG_9\",\l        ShapeNodeDescriptor,\l    ),\l)\l" ]
    68 [ label = "Shape(\l    ShapeNode(\l        \"9zYywG_11\",\l        ShapeNodeDescriptor,\l    ),\l)\l" ]
    69 [ label = "Shape(\l    ShapeNode(\l        \"9zYywG_13\",\l        ShapeNodeDescriptor,\l    ),\l)\l" ]
    70 [ label = "Shape(\l    ShapeNode(\l        \"9zYywG_15\",\l        ShapeNodeDescriptor,\l    ),\l)\l" ]
    71 [ label = "Shape(\l    ShapeNode(\l        \"9zYywG_17\",\l        ShapeNodeDescriptor,\l    ),\l)\l" ]
    72 [ label = "Shape(\l    ShapeNode(\l        \"9zYywG_19\",\l        ShapeNodeDescriptor,\l    ),\l)\l" ]
    73 [ label = "Shape(\l    ShapeNode(\l        \"9zYywG_21\",\l        ShapeNodeDescriptor,\l    ),\l)\l" ]
    74 [ label = "Shape(\l    ShapeNode(\l        \"9zYywG_23\",\l        ShapeNodeDescriptor,\l    ),\l)\l" ]
    75 [ label = "Shape(\l    ShapeNode(\l        \"9zYywG_24\",\l        ShapeNodeDescriptor,\l    ),\l)\l" ]
    76 [ label = "Shape(\l    ShapeNode(\l        \"9zYywG_26\",\l        ShapeNodeDescriptor,\l    ),\l)\l" ]
    77 [ label = "Shape(\l    ShapeNode(\l        \"9zYywG_28\",\l        ShapeNodeDescriptor,\l    ),\l)\l" ]
    78 [ label = "Shape(\l    ShapeNode(\l        \"9zYywG_30\",\l        ShapeNodeDescriptor,\l    ),\l)\l" ]
    79 [ label = "Shape(\l    ShapeNode(\l        \"9zYywG_32\",\l        ShapeNodeDescriptor,\l    ),\l)\l" ]
    80 [ label = "Shape(\l    ShapeNode(\l        \"9zYywG_34\",\l        ShapeNodeDescriptor,\l    ),\l)\l" ]
    81 [ label = "Shape(\l    ShapeNode(\l        \"9zYywG_36\",\l        ShapeNodeDescriptor,\l    ),\l)\l" ]
    82 [ label = "Shape(\l    ShapeNode(\l        \"9zYywG_38\",\l        ShapeNodeDescriptor,\l    ),\l)\l" ]
    83 [ label = "Shape(\l    ShapeNode(\l        \"9zYywG_40\",\l        ShapeNodeDescriptor,\l    ),\l)\l" ]
    84 [ label = "Shape(\l    ShapeNode(\l        \"shape_YK49Mbro2T\",\l        ShapeNodeDescriptor,\l    ),\l)\l" ]
    85 [ label = "Shape(\l    ShapeNode(\l        \"Om3KlN_0\",\l        ShapeNodeDescriptor,\l    ),\l)\l" ]
    86 [ label = "Shape(\l    ShapeNode(\l        \"Om3KlN_2\",\l        ShapeNodeDescriptor,\l    ),\l)\l" ]
    87 [ label = "Shape(\l    ShapeNode(\l        \"Om3KlN_4\",\l        ShapeNodeDescriptor,\l    ),\l)\l" ]
    88 [ label = "Shape(\l    ShapeNode(\l        \"Om3KlN_6\",\l        ShapeNodeDescriptor,\l    ),\l)\l" ]
    89 [ label = "Shape(\l    ShapeNode(\l        \"Om3KlN_7\",\l        ShapeNodeDescriptor,\l    ),\l)\l" ]
    90 [ label = "Shape(\l    ShapeNode(\l        \"Om3KlN_9\",\l        ShapeNodeDescriptor,\l    ),\l)\l" ]
    91 [ label = "Shape(\l    ShapeNode(\l        \"Om3KlN_11\",\l        ShapeNodeDescriptor,\l    ),\l)\l" ]
    92 [ label = "Shape(\l    ShapeNode(\l        \"Om3KlN_13\",\l        ShapeNodeDescriptor,\l    ),\l)\l" ]
    93 [ label = "Shape(\l    ShapeNode(\l        \"Om3KlN_15\",\l        ShapeNodeDescriptor,\l    ),\l)\l" ]
    94 [ label = "Shape(\l    ShapeNode(\l        \"Om3KlN_17\",\l        ShapeNodeDescriptor,\l    ),\l)\l" ]
    95 [ label = "Shape(\l    ShapeNode(\l        \"Om3KlN_19\",\l        ShapeNodeDescriptor,\l    ),\l)\l" ]
    96 [ label = "Shape(\l    ShapeNode(\l        \"Om3KlN_21\",\l        ShapeNodeDescriptor,\l    ),\l)\l" ]
    97 [ label = "Shape(\l    ShapeNode(\l        \"Om3KlN_23\",\l        ShapeNodeDescriptor,\l    ),\l)\l" ]
    98 [ label = "Shape(\l    ShapeNode(\l        \"Om3KlN_25\",\l        ShapeNodeDescriptor,\l    ),\l)\l" ]
    99 [ label = "Shape(\l    ShapeNode(\l        \"Om3KlN_27\",\l        ShapeNodeDescriptor,\l    ),\l)\l" ]
    100 [ label = "Shape(\l    ShapeNode(\l        \"Om3KlN_28\",\l        ShapeNodeDescriptor,\l    ),\l)\l" ]
    101 [ label = "Shape(\l    ShapeNode(\l        \"Om3KlN_30\",\l        ShapeNodeDescriptor,\l    ),\l)\l" ]
    102 [ label = "Shape(\l    ShapeNode(\l        \"Om3KlN_32\",\l        ShapeNodeDescriptor,\l    ),\l)\l" ]
    103 [ label = "Shape(\l    ShapeNode(\l        \"Om3KlN_34\",\l        ShapeNodeDescriptor,\l    ),\l)\l" ]
    104 [ label = "Shape(\l    ShapeNode(\l        \"Om3KlN_36\",\l        ShapeNodeDescriptor,\l    ),\l)\l" ]
    105 [ label = "Shape(\l    ShapeNode(\l        \"Om3KlN_38\",\l        ShapeNodeDescriptor,\l    ),\l)\l" ]
    106 [ label = "Shape(\l    ShapeNode(\l        \"Om3KlN_40\",\l        ShapeNodeDescriptor,\l    ),\l)\l" ]
    107 [ label = "Shape(\l    ShapeNode(\l        \"Om3KlN_42\",\l        ShapeNodeDescriptor,\l    ),\l)\l" ]
    108 [ label = "Shape(\l    ShapeNode(\l        \"Om3KlN_44\",\l        ShapeNodeDescriptor,\l    ),\l)\l" ]
    109 [ label = "Shape(\l    ShapeNode(\l        \"Om3KlN_46\",\l        ShapeNodeDescriptor,\l    ),\l)\l" ]
    110 [ label = "Shape(\l    ShapeNode(\l        \"Om3KlN_48\",\l        ShapeNodeDescriptor,\l    ),\l)\l" ]
    111 [ label = "Shape(\l    ShapeNode(\l        \"Om3KlN_50\",\l        ShapeNodeDescriptor,\l    ),\l)\l" ]
    112 [ label = "Shape(\l    ShapeNode(\l        \"Om3KlN_52\",\l        ShapeNodeDescriptor,\l    ),\l)\l" ]
    113 [ label = "Shape(\l    ShapeNode(\l        \"Om3KlN_54\",\l        ShapeNodeDescriptor,\l    ),\l)\l" ]
    114 [ label = "Shape(\l    ShapeNode(\l        \"Om3KlN_56\",\l        ShapeNodeDescriptor,\l    ),\l)\l" ]
    115 [ label = "Shape(\l    ShapeNode(\l        \"Om3KlN_58\",\l        ShapeNodeDescriptor,\l    ),\l)\l" ]
    116 [ label = "Shape(\l    ShapeNode(\l        \"Om3KlN_60\",\l        ShapeNodeDescriptor,\l    ),\l)\l" ]
    117 [ label = "Shape(\l    ShapeNode(\l        \"Om3KlN_62\",\l        ShapeNodeDescriptor,\l    ),\l)\l" ]
    118 [ label = "Shape(\l    ShapeNode(\l        \"Om3KlN_64\",\l        ShapeNodeDescriptor,\l    ),\l)\l" ]
    119 [ label = "Shape(\l    ShapeNode(\l        \"Om3KlN_66\",\l        ShapeNodeDescriptor,\l    ),\l)\l" ]
    120 [ label = "Shape(\l    ShapeNode(\l        \"Om3KlN_68\",\l        ShapeNodeDescriptor,\l    ),\l)\l" ]
    121 [ label = "Shape(\l    ShapeNode(\l        \"Om3KlN_70\",\l        ShapeNodeDescriptor,\l    ),\l)\l" ]
    122 [ label = "Shape(\l    ShapeNode(\l        \"Om3KlN_72\",\l        ShapeNodeDescriptor,\l    ),\l)\l" ]
    123 [ label = "Shape(\l    ShapeNode(\l        \"Om3KlN_74\",\l        ShapeNodeDescriptor,\l    ),\l)\l" ]
    124 [ label = "Shape(\l    ShapeNode(\l        \"Om3KlN_76\",\l        ShapeNodeDescriptor,\l    ),\l)\l" ]
    125 [ label = "Shape(\l    ShapeNode(\l        \"Om3KlN_78\",\l        ShapeNodeDescriptor,\l    ),\l)\l" ]
    126 [ label = "Shape(\l    ShapeNode(\l        \"Om3KlN_80\",\l        ShapeNodeDescriptor,\l    ),\l)\l" ]
    127 [ label = "Shape(\l    ShapeNode(\l        \"Om3KlN_82\",\l        ShapeNodeDescriptor,\l    ),\l)\l" ]
    128 [ label = "Shape(\l    ShapeNode(\l        \"Om3KlN_84\",\l        ShapeNodeDescriptor,\l    ),\l)\l" ]
    129 [ label = "Shape(\l    ShapeNode(\l        \"Om3KlN_86\",\l        ShapeNodeDescriptor,\l    ),\l)\l" ]
    130 [ label = "Shape(\l    ShapeNode(\l        \"Om3KlN_88\",\l        ShapeNodeDescriptor,\l    ),\l)\l" ]
    131 [ label = "Shape(\l    ShapeNode(\l        \"Om3KlN_90\",\l        ShapeNodeDescriptor,\l    ),\l)\l" ]
    132 [ label = "Shape(\l    ShapeNode(\l        \"Om3KlN_92\",\l        ShapeNodeDescriptor,\l    ),\l)\l" ]
    133 [ label = "Shape(\l    ShapeNode(\l        \"Om3KlN_93\",\l        ShapeNodeDescriptor,\l    ),\l)\l" ]
    134 [ label = "Shape(\l    ShapeNode(\l        \"Om3KlN_95\",\l        ShapeNodeDescriptor,\l    ),\l)\l" ]
    135 [ label = "Shape(\l    ShapeNode(\l        \"Om3KlN_97\",\l        ShapeNodeDescriptor,\l    ),\l)\l" ]
    136 [ label = "Shape(\l    ShapeNode(\l        \"Om3KlN_99\",\l        ShapeNodeDescriptor,\l    ),\l)\l" ]
    137 [ label = "Shape(\l    ShapeNode(\l        \"Om3KlN_101\",\l        ShapeNodeDescriptor,\l    ),\l)\l" ]
    138 [ label = "Shape(\l    ShapeNode(\l        \"Om3KlN_103\",\l        ShapeNodeDescriptor,\l    ),\l)\l" ]
    139 [ label = "Shape(\l    ShapeNode(\l        \"Om3KlN_105\",\l        ShapeNodeDescriptor,\l    ),\l)\l" ]
    140 [ label = "Shape(\l    ShapeNode(\l        \"Om3KlN_106\",\l        ShapeNodeDescriptor,\l    ),\l)\l" ]
    141 [ label = "Shape(\l    ShapeNode(\l        \"Om3KlN_108\",\l        ShapeNodeDescriptor,\l    ),\l)\l" ]
    142 [ label = "Shape(\l    ShapeNode(\l        \"Om3KlN_110\",\l        ShapeNodeDescriptor,\l    ),\l)\l" ]
    143 [ label = "Shape(\l    ShapeNode(\l        \"Om3KlN_112\",\l        ShapeNodeDescriptor,\l    ),\l)\l" ]
    144 [ label = "Shape(\l    ShapeNode(\l        \"Om3KlN_114\",\l        ShapeNodeDescriptor,\l    ),\l)\l" ]
    145 [ label = "Shape(\l    ShapeNode(\l        \"Om3KlN_116\",\l        ShapeNodeDescriptor,\l    ),\l)\l" ]
    146 [ label = "Shape(\l    ShapeNode(\l        \"Om3KlN_118\",\l        ShapeNodeDescriptor,\l    ),\l)\l" ]
    147 [ label = "Shape(\l    ShapeNode(\l        \"Om3KlN_120\",\l        ShapeNodeDescriptor,\l    ),\l)\l" ]
    148 [ label = "Shape(\l    ShapeNode(\l        \"Om3KlN_122\",\l        ShapeNodeDescriptor,\l    ),\l)\l" ]
    149 [ label = "Shape(\l    ShapeNode(\l        \"shape_36zxg69taQ\",\l        ShapeNodeDescriptor,\l    ),\l)\l" ]
    150 [ label = "Shape(\l    ShapeNode(\l        \"1Uivbu_0\",\l        ShapeNodeDescriptor,\l    ),\l)\l" ]
    151 [ label = "Shape(\l    ShapeNode(\l        \"1Uivbu_2\",\l        ShapeNodeDescriptor,\l    ),\l)\l" ]
    152 [ label = "Shape(\l    ShapeNode(\l        \"1Uivbu_4\",\l        ShapeNodeDescriptor,\l    ),\l)\l" ]
    153 [ label = "Shape(\l    ShapeNode(\l        \"1Uivbu_6\",\l        ShapeNodeDescriptor,\l    ),\l)\l" ]
    154 [ label = "Shape(\l    ShapeNode(\l        \"1Uivbu_7\",\l        ShapeNodeDescriptor,\l    ),\l)\l" ]
    155 [ label = "Shape(\l    ShapeNode(\l        \"1Uivbu_9\",\l        ShapeNodeDescriptor,\l    ),\l)\l" ]
    156 [ label = "Shape(\l    ShapeNode(\l        \"1Uivbu_11\",\l        ShapeNodeDescriptor,\l    ),\l)\l" ]
    157 [ label = "Shape(\l    ShapeNode(\l        \"1Uivbu_13\",\l        ShapeNodeDescriptor,\l    ),\l)\l" ]
    158 [ label = "Shape(\l    ShapeNode(\l        \"1Uivbu_15\",\l        ShapeNodeDescriptor,\l    ),\l)\l" ]
    159 [ label = "Shape(\l    ShapeNode(\l        \"1Uivbu_17\",\l        ShapeNodeDescriptor,\l    ),\l)\l" ]
    160 [ label = "Shape(\l    ShapeNode(\l        \"1Uivbu_19\",\l        ShapeNodeDescriptor,\l    ),\l)\l" ]
    161 [ label = "Shape(\l    ShapeNode(\l        \"1Uivbu_21\",\l        ShapeNodeDescriptor,\l    ),\l)\l" ]
    162 [ label = "Shape(\l    ShapeNode(\l        \"1Uivbu_23\",\l        ShapeNodeDescriptor,\l    ),\l)\l" ]
    163 [ label = "Shape(\l    ShapeNode(\l        \"1Uivbu_24\",\l        ShapeNodeDescriptor,\l    ),\l)\l" ]
    164 [ label = "Shape(\l    ShapeNode(\l        \"1Uivbu_26\",\l        ShapeNodeDescriptor,\l    ),\l)\l" ]
    165 [ label = "Shape(\l    ShapeNode(\l        \"1Uivbu_28\",\l        ShapeNodeDescriptor,\l    ),\l)\l" ]
    166 [ label = "Shape(\l    ShapeNode(\l        \"1Uivbu_30\",\l        ShapeNodeDescriptor,\l    ),\l)\l" ]
    167 [ label = "Shape(\l    ShapeNode(\l        \"1Uivbu_32\",\l        ShapeNodeDescriptor,\l    ),\l)\l" ]
    168 [ label = "Shape(\l    ShapeNode(\l        \"1Uivbu_34\",\l        ShapeNodeDescriptor,\l    ),\l)\l" ]
    169 [ label = "Shape(\l    ShapeNode(\l        \"1Uivbu_36\",\l        ShapeNodeDescriptor,\l    ),\l)\l" ]
    170 [ label = "Shape(\l    ShapeNode(\l        \"1Uivbu_38\",\l        ShapeNodeDescriptor,\l    ),\l)\l" ]
    171 [ label = "Shape(\l    ShapeNode(\l        \"shape_SAAAiP08UH\",\l        ShapeNodeDescriptor,\l    ),\l)\l" ]
    172 [ label = "Shape(\l    ShapeNode(\l        \"shape_1W6TKJbRtU\",\l        ShapeNodeDescriptor,\l    ),\l)\l" ]
    173 [ label = "Shape(\l    ShapeNode(\l        \"TO7LE6_0\",\l        ShapeNodeDescriptor,\l    ),\l)\l" ]
    174 [ label = "Shape(\l    ShapeNode(\l        \"TO7LE6_2\",\l        ShapeNodeDescriptor,\l    ),\l)\l" ]
    175 [ label = "Shape(\l    ShapeNode(\l        \"TO7LE6_4\",\l        ShapeNodeDescriptor,\l    ),\l)\l" ]
    176 [ label = "Shape(\l    ShapeNode(\l        \"TO7LE6_6\",\l        ShapeNodeDescriptor,\l    ),\l)\l" ]
    177 [ label = "Shape(\l    ShapeNode(\l        \"TO7LE6_7\",\l        ShapeNodeDescriptor,\l    ),\l)\l" ]
    178 [ label = "Shape(\l    ShapeNode(\l        \"TO7LE6_9\",\l        ShapeNodeDescriptor,\l    ),\l)\l" ]
    179 [ label = "Shape(\l    ShapeNode(\l        \"TO7LE6_11\",\l        ShapeNodeDescriptor,\l    ),\l)\l" ]
    180 [ label = "Shape(\l    ShapeNode(\l        \"TO7LE6_13\",\l        ShapeNodeDescriptor,\l    ),\l)\l" ]
    181 [ label = "Shape(\l    ShapeNode(\l        \"TO7LE6_15\",\l        ShapeNodeDescriptor,\l    ),\l)\l" ]
    182 [ label = "Shape(\l    ShapeNode(\l        \"TO7LE6_17\",\l        ShapeNodeDescriptor,\l    ),\l)\l" ]
    183 [ label = "Shape(\l    ShapeNode(\l        \"TO7LE6_19\",\l        ShapeNodeDescriptor,\l    ),\l)\l" ]
    184 [ label = "Shape(\l    ShapeNode(\l        \"TO7LE6_21\",\l        ShapeNodeDescriptor,\l    ),\l)\l" ]
    185 [ label = "Shape(\l    ShapeNode(\l        \"TO7LE6_23\",\l        ShapeNodeDescriptor,\l    ),\l)\l" ]
    186 [ label = "Shape(\l    ShapeNode(\l        \"TO7LE6_24\",\l        ShapeNodeDescriptor,\l    ),\l)\l" ]
    187 [ label = "Shape(\l    ShapeNode(\l        \"TO7LE6_26\",\l        ShapeNodeDescriptor,\l    ),\l)\l" ]
    188 [ label = "Shape(\l    ShapeNode(\l        \"TO7LE6_28\",\l        ShapeNodeDescriptor,\l    ),\l)\l" ]
    189 [ label = "Shape(\l    ShapeNode(\l        \"TO7LE6_30\",\l        ShapeNodeDescriptor,\l    ),\l)\l" ]
    190 [ label = "Shape(\l    ShapeNode(\l        \"TO7LE6_32\",\l        ShapeNodeDescriptor,\l    ),\l)\l" ]
    191 [ label = "Shape(\l    ShapeNode(\l        \"TO7LE6_34\",\l        ShapeNodeDescriptor,\l    ),\l)\l" ]
    192 [ label = "Shape(\l    ShapeNode(\l        \"TO7LE6_36\",\l        ShapeNodeDescriptor,\l    ),\l)\l" ]
    193 [ label = "Shape(\l    ShapeNode(\l        \"TO7LE6_38\",\l        ShapeNodeDescriptor,\l    ),\l)\l" ]
    194 [ label = "Shape(\l    ShapeNode(\l        \"TO7LE6_40\",\l        ShapeNodeDescriptor,\l    ),\l)\l" ]
    195 [ label = "Shape(\l    ShapeNode(\l        \"shape_etQPOXJYc8\",\l        ShapeNodeDescriptor,\l    ),\l)\l" ]
    196 [ label = "Shape(\l    ShapeNode(\l        \"shape_qNFTjMJb6G\",\l        ShapeNodeDescriptor,\l    ),\l)\l" ]
    197 [ label = "Shape(\l    ShapeNode(\l        \"SGyna3_0\",\l        ShapeNodeDescriptor,\l    ),\l)\l" ]
    198 [ label = "Shape(\l    ShapeNode(\l        \"SGyna3_2\",\l        ShapeNodeDescriptor,\l    ),\l)\l" ]
    199 [ label = "Shape(\l    ShapeNode(\l        \"Dzhqpq_0\",\l        ShapeNodeDescriptor,\l    ),\l)\l" ]
    200 [ label = "Shape(\l    ShapeNode(\l        \"Dzhqpq_2\",\l        ShapeNodeDescriptor,\l    ),\l)\l" ]
    201 [ label = "Shape(\l    ShapeNode(\l        \"Dzhqpq_4\",\l        ShapeNodeDescriptor,\l    ),\l)\l" ]
    202 [ label = "Shape(\l    ShapeNode(\l        \"Dzhqpq_5\",\l        ShapeNodeDescriptor,\l    ),\l)\l" ]
    203 [ label = "Shape(\l    ShapeNode(\l        \"shape_lQpti9SvC2\",\l        ShapeNodeDescriptor,\l    ),\l)\l" ]
    204 [ label = "Shape(\l    ShapeNode(\l        \"shape_iuQg6vXfcR\",\l        ShapeNodeDescriptor,\l    ),\l)\l" ]
    205 [ label = "Shape(\l    ShapeNode(\l        \"shape_9LsYK5fZf7\",\l        ShapeNodeDescriptor,\l    ),\l)\l" ]
    206 [ label = "Shape(\l    ShapeNode(\l        \"shape_2u6YFwLT7s\",\l        ShapeNodeDescriptor,\l    ),\l)\l" ]
    207 [ label = "Shape(\l    ShapeNode(\l        \"shape_hqZddtlZ7U\",\l        ShapeNodeDescriptor,\l    ),\l)\l" ]
    208 [ label = "Shape(\l    ShapeNode(\l        \"shape_q10ZVQfF1s\",\l        ShapeNodeDescriptor,\l    ),\l)\l" ]
    209 [ label = "Shape(\l    ShapeNode(\l        \"shape_i1gCR51xt7\",\l        ShapeNodeDescriptor,\l    ),\l)\l" ]
    210 [ label = "Shape(\l    ShapeNode(\l        \"shape_mMDYhpS1RU\",\l        ShapeNodeDescriptor,\l    ),\l)\l" ]
    211 [ label = "Shape(\l    ShapeNode(\l        \"shape_NMHH5xyg0x\",\l        ShapeNodeDescriptor,\l    ),\l)\l" ]
    212 [ label = "Shape(\l    ShapeNode(\l        \"shape_W9rcbHUa8T\",\l        ShapeNodeDescriptor,\l    ),\l)\l" ]
    213 [ label = "Shape(\l    ShapeNode(\l        \"shape_hBR5YE79aD\",\l        ShapeNodeDescriptor,\l    ),\l)\l" ]
    214 [ label = "Shape(\l    ShapeNode(\l        \"shape_BjJKqQ91vl\",\l        ShapeNodeDescriptor,\l    ),\l)\l" ]
    215 [ label = "Shape(\l    ShapeNode(\l        \"shape_UPnETekZwk\",\l        ShapeNodeDescriptor,\l    ),\l)\l" ]
    216 [ label = "Shape(\l    ShapeNode(\l        \"shape_5L1YnXttfH\",\l        ShapeNodeDescriptor,\l    ),\l)\l" ]
    217 [ label = "Shape(\l    ShapeNode(\l        \"shape_17IycuTNT4\",\l        ShapeNodeDescriptor,\l    ),\l)\l" ]
    218 [ label = "Shape(\l    ShapeNode(\l        \"shape_J1xsSz78AW\",\l        ShapeNodeDescriptor,\l    ),\l)\l" ]
    219 [ label = "Shape(\l    ShapeNode(\l        \"shape_99kXwcEePB\",\l        ShapeNodeDescriptor,\l    ),\l)\l" ]
    220 [ label = "Shape(\l    ShapeNode(\l        \"shape_x3ZTxso68B\",\l        ShapeNodeDescriptor,\l    ),\l)\l" ]
    221 [ label = "Shape(\l    ShapeNode(\l        \"shape_der3p7ESUJ\",\l        ShapeNodeDescriptor,\l    ),\l)\l" ]
    222 [ label = "Shape(\l    ShapeNode(\l        \"shape_sqD3Mi5Gfz\",\l        ShapeNodeDescriptor,\l    ),\l)\l" ]
    223 [ label = "Shape(\l    ShapeNode(\l        \"shape_lj5DcFO42H\",\l        ShapeNodeDescriptor,\l    ),\l)\l" ]
    224 [ label = "Shape(\l    ShapeNode(\l        \"shape_oSBY5Y7dZD\",\l        ShapeNodeDescriptor,\l    ),\l)\l" ]
    225 [ label = "Shape(\l    ShapeNode(\l        \"shape_D4wlTJSkHo\",\l        ShapeNodeDescriptor,\l    ),\l)\l" ]
    226 [ label = "Shape(\l    ShapeNode(\l        \"shape_OuA0MTfHr7\",\l        ShapeNodeDescriptor,\l    ),\l)\l" ]
    227 [ label = "Shape(\l    ShapeNode(\l        \"shape_MzMiZw1hMl\",\l        ShapeNodeDescriptor,\l    ),\l)\l" ]
    228 [ label = "Shape(\l    ShapeNode(\l        \"shape_VGtg2HMvjl\",\l        ShapeNodeDescriptor,\l    ),\l)\l" ]
    229 [ label = "Shape(\l    ShapeNode(\l        \"shape_L3dn1UwIbE\",\l        ShapeNodeDescriptor,\l    ),\l)\l" ]
    230 [ label = "Shape(\l    ShapeNode(\l        \"shape_tMhbmREmDn\",\l        ShapeNodeDescriptor,\l    ),\l)\l" ]
    231 [ label = "Shape(\l    ShapeNode(\l        \"shape_DsorNDPrhu\",\l        ShapeNodeDescriptor,\l    ),\l)\l" ]
    232 [ label = "Shape(\l    ShapeNode(\l        \"shape_lPGAcDka0h\",\l        ShapeNodeDescriptor,\l    ),\l)\l" ]
    233 [ label = "Shape(\l    ShapeNode(\l        \"shape_Lsab13Y3Pt\",\l        ShapeNodeDescriptor,\l    ),\l)\l" ]
    234 [ label = "Shape(\l    ShapeNode(\l        \"shape_vWlrj0lxiP\",\l        ShapeNodeDescriptor,\l    ),\l)\l" ]
    235 [ label = "Shape(\l    ShapeNode(\l        \"shape_zFpZvlmwTp\",\l        ShapeNodeDescriptor,\l    ),\l)\l" ]
    236 [ label = "Shape(\l    ShapeNode(\l        \"shape_ZM0Tj7KcsK\",\l        ShapeNodeDescriptor,\l    ),\l)\l" ]
    237 [ label = "Shape(\l    ShapeNode(\l        \"shape_x3SjkVYr1l\",\l        ShapeNodeDescriptor,\l    ),\l)\l" ]
    238 [ label = "Shape(\l    ShapeNode(\l        \"shape_UM0VJgWTyB\",\l        ShapeNodeDescriptor,\l    ),\l)\l" ]
    239 [ label = "Shape(\l    ShapeNode(\l        \"shape_rKqaV9zWKg\",\l        ShapeNodeDescriptor,\l    ),\l)\l" ]
    240 [ label = "Shape(\l    ShapeNode(\l        \"shape_tHGXNa30jN\",\l        ShapeNodeDescriptor,\l    ),\l)\l" ]
    241 [ label = "Shape(\l    ShapeNode(\l        \"shape_iexBOU2bX2\",\l        ShapeNodeDescriptor,\l    ),\l)\l" ]
    242 [ label = "Shape(\l    ShapeNode(\l        \"shape_TcdqxVXeA8\",\l        ShapeNodeDescriptor,\l    ),\l)\l" ]
    243 [ label = "Shape(\l    ShapeNode(\l        \"shape_Phakc8kWHH\",\l        ShapeNodeDescriptor,\l    ),\l)\l" ]
    244 [ label = "Shape(\l    ShapeNode(\l        \"shape_U6rxJraCHZ\",\l        ShapeNodeDescriptor,\l    ),\l)\l" ]
    245 [ label = "Shape(\l    ShapeNode(\l        \"shape_6OoCVQZu1P\",\l        ShapeNodeDescriptor,\l    ),\l)\l" ]
    246 [ label = "Shape(\l    ShapeNode(\l        \"shape_yLEjT55VJr\",\l        ShapeNodeDescriptor,\l    ),\l)\l" ]
    247 [ label = "Shape(\l    ShapeNode(\l        \"shape_qCL0U6RYl7\",\l        ShapeNodeDescriptor,\l    ),\l)\l" ]
    248 [ label = "Shape(\l    ShapeNode(\l        \"shape_SPHOJ2twT7\",\l        ShapeNodeDescriptor,\l    ),\l)\l" ]
    249 [ label = "Shape(\l    ShapeNode(\l        \"shape_8wQoV0Go5e\",\l        ShapeNodeDescriptor,\l    ),\l)\l" ]
    250 [ label = "Shape(\l    ShapeNode(\l        \"shape_mPino2xmBH\",\l        ShapeNodeDescriptor,\l    ),\l)\l" ]
    251 [ label = "Shape(\l    ShapeNode(\l        \"shape_jUmu0oeLfR\",\l        ShapeNodeDescriptor,\l    ),\l)\l" ]
    252 [ label = "Shape(\l    ShapeNode(\l        \"shape_hHnVN71O85\",\l        ShapeNodeDescriptor,\l    ),\l)\l" ]
    253 [ label = "Shape(\l    ShapeNode(\l        \"shape_r4whI5EfWU\",\l        ShapeNodeDescriptor,\l    ),\l)\l" ]
    254 [ label = "Shape(\l    ShapeNode(\l        \"shape_Fx5pdooIBe\",\l        ShapeNodeDescriptor,\l    ),\l)\l" ]
    255 [ label = "Shape(\l    ShapeNode(\l        \"shape_cJmivmXj4X\",\l        ShapeNodeDescriptor,\l    ),\l)\l" ]
    256 [ label = "Shape(\l    ShapeNode(\l        \"shape_6K8EJnKN9c\",\l        ShapeNodeDescriptor,\l    ),\l)\l" ]
    257 [ label = "Shape(\l    ShapeNode(\l        \"shape_HPPSxywhft\",\l        ShapeNodeDescriptor,\l    ),\l)\l" ]
    258 [ label = "Shape(\l    ShapeNode(\l        \"shape_ohhEby4w8C\",\l        ShapeNodeDescriptor,\l    ),\l)\l" ]
    259 [ label = "Shape(\l    ShapeNode(\l        \"shape_xrJGNUEZm7\",\l        ShapeNodeDescriptor,\l    ),\l)\l" ]
    260 [ label = "Shape(\l    ShapeNode(\l        \"shape_zldBAln8pO\",\l        ShapeNodeDescriptor,\l    ),\l)\l" ]
    261 [ label = "Shape(\l    ShapeNode(\l        \"shape_UTlUFJch46\",\l        ShapeNodeDescriptor,\l    ),\l)\l" ]
    262 [ label = "Shape(\l    ShapeNode(\l        \"shape_8Lpkyhia7T\",\l        ShapeNodeDescriptor,\l    ),\l)\l" ]
    263 [ label = "Shape(\l    ShapeNode(\l        \"shape_sTXV4ATFcR\",\l        ShapeNodeDescriptor,\l    ),\l)\l" ]
    264 [ label = "Shape(\l    ShapeNode(\l        \"shape_RVWAwegye0\",\l        ShapeNodeDescriptor,\l    ),\l)\l" ]
    265 [ label = "Shape(\l    ShapeNode(\l        \"shape_A50XikCrTm\",\l        ShapeNodeDescriptor,\l    ),\l)\l" ]
    266 [ label = "Shape(\l    ShapeNode(\l        \"shape_kj1MZuOfPX\",\l        ShapeNodeDescriptor,\l    ),\l)\l" ]
    267 [ label = "Shape(\l    ShapeNode(\l        \"shape_NftbZizRtq\",\l        ShapeNodeDescriptor,\l    ),\l)\l" ]
    268 [ label = "Shape(\l    ShapeNode(\l        \"shape_U3xxncXVxb\",\l        ShapeNodeDescriptor,\l    ),\l)\l" ]
    269 [ label = "Shape(\l    ShapeNode(\l        \"shape_juGDIYPL2z\",\l        ShapeNodeDescriptor,\l    ),\l)\l" ]
    270 [ label = "Shape(\l    ShapeNode(\l        \"shape_mroQ5sdoX5\",\l        ShapeNodeDescriptor,\l    ),\l)\l" ]
    271 [ label = "Shape(\l    ShapeNode(\l        \"shape_oq1HXqxI02\",\l        ShapeNodeDescriptor,\l    ),\l)\l" ]
    272 [ label = "Shape(\l    ShapeNode(\l        \"shape_NMYgcSNgqb\",\l        ShapeNodeDescriptor,\l    ),\l)\l" ]
    273 [ label = "Shape(\l    ShapeNode(\l        \"shape_m6ILSb8zTc\",\l        ShapeNodeDescriptor,\l    ),\l)\l" ]
    274 [ label = "Shape(\l    ShapeNode(\l        \"shape_hF24KgHLk8\",\l        ShapeNodeDescriptor,\l    ),\l)\l" ]
    275 [ label = "Shape(\l    ShapeNode(\l        \"shape_7AimjdwkLA\",\l        ShapeNodeDescriptor,\l    ),\l)\l" ]
    276 [ label = "Shape(\l    ShapeNode(\l        \"shape_CHA49n8F2k\",\l        ShapeNodeDescriptor,\l    ),\l)\l" ]
    277 [ label = "Shape(\l    ShapeNode(\l        \"shape_lMxvZWsF01\",\l        ShapeNodeDescriptor,\l    ),\l)\l" ]
    278 [ label = "Shape(\l    ShapeNode(\l        \"shape_sGw5lcsQOG\",\l        ShapeNodeDescriptor,\l    ),\l)\l" ]
    279 [ label = "Shape(\l    ShapeNode(\l        \"shape_xRAf6ZsrGu\",\l        ShapeNodeDescriptor,\l    ),\l)\l" ]
    280 [ label = "Shape(\l    ShapeNode(\l        \"shape_rym5vXzf84\",\l        ShapeNodeDescriptor,\l    ),\l)\l" ]
    281 [ label = "Shape(\l    ShapeNode(\l        \"shape_RLovizBxRF\",\l        ShapeNodeDescriptor,\l    ),\l)\l" ]
    282 [ label = "Shape(\l    ShapeNode(\l        \"shape_4XZZDyy7qT\",\l        ShapeNodeDescriptor,\l    ),\l)\l" ]
    283 [ label = "Shape(\l    ShapeNode(\l        \"shape_Lwgks6rxoG\",\l        ShapeNodeDescriptor,\l    ),\l)\l" ]
    284 [ label = "Shape(\l    ShapeNode(\l        \"shape_WJooemMTrG\",\l        ShapeNodeDescriptor,\l    ),\l)\l" ]
    285 [ label = "Shape(\l    ShapeNode(\l        \"shape_2QlgxPoWhx\",\l        ShapeNodeDescriptor,\l    ),\l)\l" ]
    286 [ label = "Shape(\l    ShapeNode(\l        \"shape_WeqqCsTaKl\",\l        ShapeNodeDescriptor,\l    ),\l)\l" ]
    287 [ label = "Shape(\l    ShapeNode(\l        \"shape_WZ1AtMMtVH\",\l        ShapeNodeDescriptor,\l    ),\l)\l" ]
    288 [ label = "Shape(\l    ShapeNode(\l        \"shape_pMVqgXqMhT\",\l        ShapeNodeDescriptor,\l    ),\l)\l" ]
    289 [ label = "Shape(\l    ShapeNode(\l        \"shape_Bvj5C73auD\",\l        ShapeNodeDescriptor,\l    ),\l)\l" ]
    4 -> 3 [ ]
    7 -> 6 [ ]
    10 -> 9 [ ]
    12 -> 0 [ ]
    13 -> 5 [ ]
    14 -> 5 [ ]
    15 -> 5 [ ]
    16 -> 5 [ ]
    17 -> 3 [ ]
    18 -> 5 [ ]
    19 -> 5 [ ]
    20 -> 5 [ ]
    21 -> 0 [ ]
    22 -> 0 [ ]
    23 -> 0 [ ]
    24 -> 0 [ ]
    25 -> 0 [ ]
    26 -> 0 [ ]
    27 -> 0 [ ]
    28 -> 0 [ ]
    29 -> 0 [ ]
    30 -> 0 [ ]
    31 -> 0 [ ]
    32 -> 0 [ ]
    33 -> 0 [ ]
    34 -> 18 [ ]
    35 -> 0 [ ]
    36 -> 0 [ ]
    37 -> 0 [ ]
    38 -> 0 [ ]
    39 -> 0 [ ]
    40 -> 0 [ ]
    41 -> 0 [ ]
    17 -> 4 [ ]
    42 -> 0 [ ]
    43 -> 5 [ ]
    44 -> 5 [ ]
    45 -> 5 [ ]
    46 -> 3 [ ]
    47 -> 5 [ ]
    48 -> 0 [ ]
    49 -> 0 [ ]
    50 -> 0 [ ]
    51 -> 0 [ ]
    52 -> 47 [ ]
    53 -> 0 [ ]
    54 -> 0 [ ]
    55 -> 0 [ ]
    56 -> 0 [ ]
    57 -> 0 [ ]
    58 -> 0 [ ]
    59 -> 0 [ ]
    60 -> 0 [ ]
    46 -> 4 [ ]
    61 -> 5 [ ]
    62 -> 5 [ ]
    63 -> 5 [ ]
    64 -> 5 [ ]
    65 -> 3 [ ]
    66 -> 5 [ ]
    67 -> 0 [ ]
    68 -> 0 [ ]
    69 -> 0 [ ]
    70 -> 0 [ ]
    71 -> 0 [ ]
    72 -> 0 [ ]
    73 -> 0 [ ]
    74 -> 0 [ ]
    75 -> 66 [ ]
    76 -> 0 [ ]
    77 -> 0 [ ]
    78 -> 0 [ ]
    79 -> 0 [ ]
    80 -> 0 [ ]
    81 -> 0 [ ]
    82 -> 0 [ ]
    83 -> 0 [ ]
    65 -> 4 [ ]
    84 -> 5 [ ]
    85 -> 5 [ ]
    86 -> 5 [ ]
    87 -> 5 [ ]
    88 -> 3 [ ]
    89 -> 5 [ ]
    90 -> 5 [ ]
    91 -> 5 [ ]
    92 -> 0 [ ]
    93 -> 0 [ ]
    94 -> 0 [ ]
    95 -> 0 [ ]
    96 -> 0 [ ]
    97 -> 0 [ ]
    98 -> 0 [ ]
    99 -> 3 [ ]
    100 -> 5 [ ]
    101 -> 5 [ ]
    102 -> 0 [ ]
    103 -> 0 [ ]
    104 -> 0 [ ]
    105 -> 0 [ ]
    106 -> 5 [ ]
    107 -> 0 [ ]
    108 -> 0 [ ]
    109 -> 0 [ ]
    110 -> 0 [ ]
    111 -> 0 [ ]
    112 -> 0 [ ]
    113 -> 0 [ ]
    114 -> 0 [ ]
    115 -> 5 [ ]
    116 -> 5 [ ]
    117 -> 0 [ ]
    118 -> 0 [ ]
    119 -> 5 [ ]
    120 -> 0 [ ]
    121 -> 0 [ ]
    122 -> 0 [ ]
    123 -> 5 [ ]
    124 -> 0 [ ]
    125 -> 0 [ ]
    126 -> 0 [ ]
    127 -> 0 [ ]
    128 -> 0 [ ]
    129 -> 0 [ ]
    130 -> 0 [ ]
    131 -> 0 [ ]
    132 -> 0 [ ]
    133 -> 100 [ ]
    134 -> 0 [ ]
    135 -> 0 [ ]
    136 -> 0 [ ]
    137 -> 0 [ ]
    138 -> 0 [ ]
    139 -> 0 [ ]
    140 -> 89 [ ]
    141 -> 0 [ ]
    142 -> 0 [ ]
    143 -> 0 [ ]
    144 -> 0 [ ]
    145 -> 0 [ ]
    146 -> 0 [ ]
    147 -> 0 [ ]
    148 -> 0 [ ]
    99 -> 4 [ ]
    88 -> 4 [ ]
    149 -> 5 [ ]
    150 -> 5 [ ]
    151 -> 5 [ ]
    152 -> 5 [ ]
    153 -> 3 [ ]
    154 -> 5 [ ]
    155 -> 0 [ ]
    156 -> 0 [ ]
    157 -> 0 [ ]
    158 -> 0 [ ]
    159 -> 0 [ ]
    160 -> 0 [ ]
    161 -> 0 [ ]
    162 -> 0 [ ]
    163 -> 154 [ ]
    164 -> 0 [ ]
    165 -> 0 [ ]
    166 -> 0 [ ]
    167 -> 0 [ ]
    168 -> 0 [ ]
    169 -> 0 [ ]
    170 -> 0 [ ]
    153 -> 4 [ ]
    171 -> 5 [ ]
    172 -> 0 [ ]
    173 -> 5 [ ]
    174 -> 5 [ ]
    175 -> 5 [ ]
    176 -> 3 [ ]
    177 -> 5 [ ]
    178 -> 0 [ ]
    179 -> 0 [ ]
    180 -> 0 [ ]
    181 -> 0 [ ]
    182 -> 0 [ ]
    183 -> 0 [ ]
    184 -> 0 [ ]
    185 -> 0 [ ]
    186 -> 177 [ ]
    187 -> 0 [ ]
    188 -> 0 [ ]
    189 -> 0 [ ]
    190 -> 0 [ ]
    191 -> 0 [ ]
    192 -> 0 [ ]
    193 -> 0 [ ]
    194 -> 0 [ ]
    176 -> 4 [ ]
    195 -> 5 [ ]
    196 -> 5 [ ]
    197 -> 5 [ ]
    198 -> 0 [ ]
    199 -> 5 [ ]
    200 -> 0 [ ]
    201 -> 6 [ ]
    202 -> 8 [ ]
    201 -> 7 [ ]
    203 -> 5 [ ]
    204 -> 0 [ ]
    205 -> 0 [ ]
    206 -> 1 [ ]
    207 -> 5 [ ]
    208 -> 5 [ ]
    209 -> 5 [ ]
    210 -> 5 [ ]
    211 -> 0 [ ]
    212 -> 0 [ ]
    213 -> 0 [ ]
    214 -> 0 [ ]
    215 -> 0 [ ]
    216 -> 0 [ ]
    217 -> 0 [ ]
    218 -> 0 [ ]
    219 -> 3 [ ]
    220 -> 0 [ ]
    221 -> 0 [ ]
    222 -> 0 [ ]
    223 -> 0 [ ]
    224 -> 0 [ ]
    225 -> 0 [ ]
    226 -> 0 [ ]
    227 -> 0 [ ]
    219 -> 4 [ ]
    228 -> 5 [ ]
    229 -> 5 [ ]
    230 -> 5 [ ]
    231 -> 5 [ ]
    232 -> 5 [ ]
    233 -> 5 [ ]
    234 -> 0 [ ]
    235 -> 0 [ ]
    236 -> 0 [ ]
    237 -> 0 [ ]
    238 -> 0 [ ]
    239 -> 0 [ ]
    240 -> 0 [ ]
    241 -> 5 [ ]
    242 -> 5 [ ]
    243 -> 0 [ ]
    244 -> 0 [ ]
    245 -> 0 [ ]
    246 -> 0 [ ]
    247 -> 5 [ ]
    248 -> 0 [ ]
    249 -> 0 [ ]
    250 -> 0 [ ]
    251 -> 0 [ ]
    252 -> 0 [ ]
    253 -> 0 [ ]
    254 -> 0 [ ]
    255 -> 0 [ ]
    256 -> 5 [ ]
    257 -> 5 [ ]
    258 -> 0 [ ]
    259 -> 0 [ ]
    260 -> 5 [ ]
    261 -> 0 [ ]
    262 -> 0 [ ]
    263 -> 0 [ ]
    264 -> 5 [ ]
    265 -> 0 [ ]
    266 -> 0 [ ]
    267 -> 0 [ ]
    268 -> 0 [ ]
    269 -> 0 [ ]
    270 -> 0 [ ]
    271 -> 0 [ ]
    272 -> 0 [ ]
    273 -> 0 [ ]
    274 -> 3 [ ]
    275 -> 0 [ ]
    276 -> 0 [ ]
    277 -> 0 [ ]
    278 -> 0 [ ]
    279 -> 0 [ ]
    280 -> 0 [ ]
    281 -> 3 [ ]
    282 -> 0 [ ]
    283 -> 0 [ ]
    284 -> 0 [ ]
    285 -> 0 [ ]
    286 -> 0 [ ]
    287 -> 0 [ ]
    288 -> 0 [ ]
    289 -> 0 [ ]
    274 -> 4 [ ]
    281 -> 4 [ ]
}

