---
source: tests/interaction_diff.rs
expression: "Dot::with_config(&endpoint_projection.graph, &[Config::EdgeNoLabel])"
---
digraph {
    0 [ label = "PathComponent(\l    \"root\",\l    PathComponentDescriptor {\l        is_parameter: false,\l        name: \"\",\l    },\l)\l" ]
    1 [ label = "PathComponent(\l    \"path_7K06UY59re\",\l    PathComponentDescriptor {\l        is_parameter: false,\l        name: \"api\",\l    },\l)\l" ]
    2 [ label = "PathComponent(\l    \"path_wv2tYjnRca\",\l    PathComponentDescriptor {\l        is_parameter: false,\l        name: \"f1\",\l    },\l)\l" ]
    3 [ label = "PathComponent(\l    \"path_UslYN0iwbI\",\l    PathComponentDescriptor {\l        is_parameter: true,\l        name: \"season\",\l    },\l)\l" ]
    4 [ label = "HttpMethod(\l    \"GET\",\l)\l" ]
    5 [ label = "Request(\l    \"request_dfwMS3YkPW\",\l    RequestBodyDescriptor {\l        body: None,\l    },\l)\l" ]
    6 [ label = "HttpStatusCode(\l    200,\l)\l" ]
    7 [ label = "Response(\l    \"response_WkmtI23TF7\",\l    ResponseBodyDescriptor {\l        body: Some(\l            BodyDescriptor {\l                http_content_type: \"application/json; charset=utf-8\",\l                root_shape_id: \"EQSZqM_0\",\l            },\l        ),\l    },\l)\l" ]
    8 [ label = "PathComponent(\l    \"path_C3V8NNm66A\",\l    PathComponentDescriptor {\l        is_parameter: true,\l        name: \"round\",\l    },\l)\l" ]
    9 [ label = "PathComponent(\l    \"path_8CU4hvBQlw\",\l    PathComponentDescriptor {\l        is_parameter: false,\l        name: \"constructors\",\l    },\l)\l" ]
    10 [ label = "HttpMethod(\l    \"GET\",\l)\l" ]
    11 [ label = "HttpStatusCode(\l    200,\l)\l" ]
    12 [ label = "Response(\l    \"response_aFeAkBC7kd\",\l    ResponseBodyDescriptor {\l        body: Some(\l            BodyDescriptor {\l                http_content_type: \"application/json; charset=utf-8\",\l                root_shape_id: \"RdXJj0_0\",\l            },\l        ),\l    },\l)\l" ]
    13 [ label = "Request(\l    \"request_4toesS0Kno\",\l    RequestBodyDescriptor {\l        body: None,\l    },\l)\l" ]
    14 [ label = "PathComponent(\l    \"path_NbecIObO61\",\l    PathComponentDescriptor {\l        is_parameter: false,\l        name: \"drivers\",\l    },\l)\l" ]
    15 [ label = "HttpMethod(\l    \"GET\",\l)\l" ]
    16 [ label = "HttpStatusCode(\l    200,\l)\l" ]
    17 [ label = "Response(\l    \"response_Hi7nMNuQMO\",\l    ResponseBodyDescriptor {\l        body: Some(\l            BodyDescriptor {\l                http_content_type: \"application/json; charset=utf-8\",\l                root_shape_id: \"9zYywG_0\",\l            },\l        ),\l    },\l)\l" ]
    18 [ label = "Request(\l    \"request_gsOGDZpWvZ\",\l    RequestBodyDescriptor {\l        body: None,\l    },\l)\l" ]
    19 [ label = "PathComponent(\l    \"path_BkUCPF4bFA\",\l    PathComponentDescriptor {\l        is_parameter: false,\l        name: \"results\",\l    },\l)\l" ]
    20 [ label = "HttpMethod(\l    \"GET\",\l)\l" ]
    21 [ label = "HttpStatusCode(\l    200,\l)\l" ]
    22 [ label = "Response(\l    \"response_7ZwwiBUQ2h\",\l    ResponseBodyDescriptor {\l        body: Some(\l            BodyDescriptor {\l                http_content_type: \"application/json; charset=utf-8\",\l                root_shape_id: \"Om3KlN_0\",\l            },\l        ),\l    },\l)\l" ]
    23 [ label = "Request(\l    \"request_dxZmzIoGI7\",\l    RequestBodyDescriptor {\l        body: None,\l    },\l)\l" ]
    24 [ label = "HttpMethod(\l    \"GET\",\l)\l" ]
    25 [ label = "HttpStatusCode(\l    200,\l)\l" ]
    26 [ label = "Response(\l    \"response_mLWnPnRfdJ\",\l    ResponseBodyDescriptor {\l        body: Some(\l            BodyDescriptor {\l                http_content_type: \"application/json; charset=utf-8\",\l                root_shape_id: \"1Uivbu_0\",\l            },\l        ),\l    },\l)\l" ]
    27 [ label = "Request(\l    \"request_nUhlkPiAEN\",\l    RequestBodyDescriptor {\l        body: None,\l    },\l)\l" ]
    28 [ label = "PathComponent(\l    \"path_lR5K6vJW0u\",\l    PathComponentDescriptor {\l        is_parameter: false,\l        name: \"drivers\",\l    },\l)\l" ]
    29 [ label = "PathComponent(\l    \"path_P9esbhMNb0\",\l    PathComponentDescriptor {\l        is_parameter: true,\l        name: \"driverId\",\l    },\l)\l" ]
    30 [ label = "HttpMethod(\l    \"GET\",\l)\l" ]
    31 [ label = "HttpStatusCode(\l    200,\l)\l" ]
    32 [ label = "Response(\l    \"response_mByFnYAel4\",\l    ResponseBodyDescriptor {\l        body: Some(\l            BodyDescriptor {\l                http_content_type: \"application/json; charset=utf-8\",\l                root_shape_id: \"TO7LE6_0\",\l            },\l        ),\l    },\l)\l" ]
    33 [ label = "Request(\l    \"request_WQYLPrDfdA\",\l    RequestBodyDescriptor {\l        body: None,\l    },\l)\l" ]
    34 [ label = "PathComponent(\l    \"path_2iEuAjriND\",\l    PathComponentDescriptor {\l        is_parameter: false,\l        name: \"following\",\l    },\l)\l" ]
    35 [ label = "PathComponent(\l    \"path_MwY9nZ6x25\",\l    PathComponentDescriptor {\l        is_parameter: false,\l        name: \"drivers\",\l    },\l)\l" ]
    36 [ label = "HttpMethod(\l    \"POST\",\l)\l" ]
    37 [ label = "Request(\l    \"request_NR43nZPaOr\",\l    RequestBodyDescriptor {\l        body: Some(\l            BodyDescriptor {\l                http_content_type: \"application/json\",\l                root_shape_id: \"SGyna3_0\",\l            },\l        ),\l    },\l)\l" ]
    38 [ label = "HttpStatusCode(\l    201,\l)\l" ]
    39 [ label = "Response(\l    \"response_bK58ebkIt4\",\l    ResponseBodyDescriptor {\l        body: Some(\l            BodyDescriptor {\l                http_content_type: \"application/json\",\l                root_shape_id: \"Dzhqpq_0\",\l            },\l        ),\l    },\l)\l" ]
    40 [ label = "HttpStatusCode(\l    400,\l)\l" ]
    41 [ label = "Response(\l    \"response_ziGFJv9b29\",\l    ResponseBodyDescriptor {\l        body: Some(\l            BodyDescriptor {\l                http_content_type: \"application/json\",\l                root_shape_id: \"shape_lQpti9SvC2\",\l            },\l        ),\l    },\l)\l" ]
    42 [ label = "Response(\l    \"response_oKNTHijcIc\",\l    ResponseBodyDescriptor {\l        body: Some(\l            BodyDescriptor {\l                http_content_type: \"application/json\",\l                root_shape_id: \"shape_hqZddtlZ7U\",\l            },\l        ),\l    },\l)\l" ]
    43 [ label = "Response(\l    \"response_nxWT5qcYhF\",\l    ResponseBodyDescriptor {\l        body: Some(\l            BodyDescriptor {\l                http_content_type: \"application/json\",\l                root_shape_id: \"shape_VGtg2HMvjl\",\l            },\l        ),\l    },\l)\l" ]
    1 -> 0 [ ]
    2 -> 1 [ ]
    3 -> 2 [ ]
    4 -> 3 [ ]
    5 -> 4 [ ]
    6 -> 4 [ ]
    7 -> 6 [ ]
    8 -> 3 [ ]
    9 -> 8 [ ]
    10 -> 9 [ ]
    11 -> 10 [ ]
    12 -> 11 [ ]
    13 -> 10 [ ]
    14 -> 8 [ ]
    15 -> 14 [ ]
    16 -> 15 [ ]
    17 -> 16 [ ]
    18 -> 15 [ ]
    19 -> 8 [ ]
    20 -> 19 [ ]
    21 -> 20 [ ]
    22 -> 21 [ ]
    23 -> 20 [ ]
    24 -> 8 [ ]
    25 -> 24 [ ]
    26 -> 25 [ ]
    27 -> 24 [ ]
    28 -> 3 [ ]
    29 -> 28 [ ]
    30 -> 29 [ ]
    31 -> 30 [ ]
    32 -> 31 [ ]
    33 -> 30 [ ]
    34 -> 0 [ ]
    35 -> 34 [ ]
    36 -> 35 [ ]
    37 -> 36 [ ]
    38 -> 36 [ ]
    39 -> 38 [ ]
    40 -> 36 [ ]
    41 -> 40 [ ]
    42 -> 31 [ ]
    43 -> 21 [ ]
}

