// Jest Snapshot v1, https://goo.gl/fbAQLP

exports[`parsing a set of diffs 1`] = `
Array [
  ParsedDiff {
    "diffType": "UnmatchedRequestBodyContentType",
    "interactions": Array [
      "0-2",
    ],
    "serialized_diff": Object {
      "UnmatchedRequestBodyContentType": Object {
        "interactionTrail": Object {
          "path": Array [
            Object {
              "Url": Object {},
            },
            Object {
              "Method": Object {
                "method": "POST",
              },
            },
            Object {
              "RequestBody": Object {
                "contentType": "application/json",
              },
            },
          ],
        },
        "requestsTrail": Object {
          "SpecPath": Object {
            "pathId": "path_2I5fDR2oJ4",
          },
        },
      },
    },
  },
  ParsedDiff {
    "diffType": "UnmatchedResponseBodyContentType",
    "interactions": Array [
      "0-1",
    ],
    "serialized_diff": Object {
      "UnmatchedResponseBodyContentType": Object {
        "interactionTrail": Object {
          "path": Array [
            Object {
              "Method": Object {
                "method": "PATCH",
              },
            },
            Object {
              "ResponseBody": Object {
                "contentType": "application/json",
                "statusCode": 200,
              },
            },
          ],
        },
        "requestsTrail": Object {
          "SpecPath": Object {
            "pathId": "path_ZxMkDAQ9Wf",
          },
        },
      },
    },
  },
  ParsedDiff {
    "diffType": "UnmatchedRequestBodyContentType",
    "interactions": Array [
      "0-0",
    ],
    "serialized_diff": Object {
      "UnmatchedRequestBodyContentType": Object {
        "interactionTrail": Object {
          "path": Array [
            Object {
              "Url": Object {},
            },
            Object {
              "Method": Object {
                "method": "GET",
              },
            },
          ],
        },
        "requestsTrail": Object {
          "SpecPath": Object {
            "pathId": "path_2I5fDR2oJ4",
          },
        },
      },
    },
  },
  ParsedDiff {
    "diffType": "UnmatchedResponseBodyContentType",
    "interactions": Array [
      "0-0",
    ],
    "serialized_diff": Object {
      "UnmatchedResponseBodyContentType": Object {
        "interactionTrail": Object {
          "path": Array [
            Object {
              "Method": Object {
                "method": "GET",
              },
            },
            Object {
              "ResponseBody": Object {
                "contentType": "application/json",
                "statusCode": 200,
              },
            },
          ],
        },
        "requestsTrail": Object {
          "SpecPath": Object {
            "pathId": "path_2I5fDR2oJ4",
          },
        },
      },
    },
  },
  ParsedDiff {
    "diffType": "UnmatchedRequestBodyContentType",
    "interactions": Array [
      "0-1",
    ],
    "serialized_diff": Object {
      "UnmatchedRequestBodyContentType": Object {
        "interactionTrail": Object {
          "path": Array [
            Object {
              "Url": Object {},
            },
            Object {
              "Method": Object {
                "method": "PATCH",
              },
            },
            Object {
              "RequestBody": Object {
                "contentType": "application/json",
              },
            },
          ],
        },
        "requestsTrail": Object {
          "SpecPath": Object {
            "pathId": "path_ZxMkDAQ9Wf",
          },
        },
      },
    },
  },
  ParsedDiff {
    "diffType": "UnmatchedResponseBodyContentType",
    "interactions": Array [
      "0-2",
    ],
    "serialized_diff": Object {
      "UnmatchedResponseBodyContentType": Object {
        "interactionTrail": Object {
          "path": Array [
            Object {
              "Method": Object {
                "method": "POST",
              },
            },
            Object {
              "ResponseBody": Object {
                "contentType": "application/json",
                "statusCode": 200,
              },
            },
          ],
        },
        "requestsTrail": Object {
          "SpecPath": Object {
            "pathId": "path_2I5fDR2oJ4",
          },
        },
      },
    },
  },
]
`;
